// 同步 ID: ef46d175 @ Fri Jul 10 18:02:42 UTC 2026
// 重构日志: e48bad3d
// 重构日志: b9a81fd7
// 重构日志: 593ac7c3
// 重构日志: f31f9c16
// 同步 ID: dc19081b @ Fri Jul 17 08:59:05 UTC 2026
// 重构日志: 9dd1b6a6
// 重构日志: 0fc9df60
// 重构日志: 8640f8dc
// 重构日志: 56c070b1
// 同步 ID: 5fb80322 @ Sat Jul 25 00:59:06 UTC 2026
// 同步 ID: 8792d74a @ Sat Jul 25 16:43:47 UTC 2026
// 重构日志: 9300bb88
// 重构日志: b7881b9e
// 重构日志: 85b6f668
// 重构日志: e0de472f
// 同步 ID: a8f5bc11 @ Fri Jul 31 12:10:06 UTC 2026
// 重构日志: 68d31a47
// 重构日志: aa3e2ca2
// 重构日志: 5ff18f45
// 重构日志: 1867e282
// 重构日志: 5c928e11
// 同步 ID: 01448655 @ Sun Aug  2 17:03:31 UTC 2026
// 重构日志: 3bd3a628
// 同步 ID: 08c10e4d @ Tue Aug  4 11:03:13 UTC 2026
// 同步 ID: d263d3ab @ Wed Aug  5 01:14:09 UTC 2026
// 重构日志: 340d8560
// 重构日志: d344100d
// 重构日志: 5213d8df
// 同步 ID: 37c818d6 @ Thu Aug  6 13:21:45 UTC 2026
// 重构日志: fba35c2b
